[student@workstation Desktop]$ lab-configure

 . Enter the GitHub account name: zoftrix
   Verifying GitHub account name: zoftrix

 . Enter the Quay.io account name: zoftrix
   Verifying Quay.io account name: zoftrix

 . Configuring RHT_OCP4_GITHUB_USER variable: SUCCESS
 . Configuring RHT_OCP4_QUAY_USER variable:   SUCCESS

 . To reconfigure, run: lab-configure -d

 . Ensuring user 'developer' can log in to the OpenShift cluster.
Warning: Permanently added 'utility,172.25.250.253' (ECDSA) to the list of known hosts.
 . HTPasswd Identify Provider configured
 . NOTE: It might take up to one minute before user 'developer'
         can successfully log in to the OpenShift cluster.

[student@workstation Desktop]$ source /usr/local/etc/ocp4.config 
[student@workstation Desktop]$ git clone > https://github.com/zoftrix/DO180-apps
bash: https://github.com/zoftrix/DO180-apps: No such file or directory
[student@workstation Desktop]$ git clone https://github.com/zoftrix/DO180-apps
Cloning into 'DO180-apps'...
remote: Enumerating objects: 74, done.
remote: Total 74 (delta 0), reused 0 (delta 0), pack-reused 74
Unpacking objects: 100% (74/74), done.
[student@workstation Desktop]$ ls
DO180-apps
[student@workstation Desktop]$ ls -ltr
total 0
drwxrwxr-x. 9 student student 143 Apr 19 08:16 DO180-apps
[student@workstation Desktop]$ date
Mon Apr 19 08:16:21 EDT 2021
[student@workstation Desktop]$ cd DO180-apps/
[student@workstation DO180-apps]$ ls
example  nodejs-app  nodejs-helloworld  php-helloworld  README.md  temps  todoapp
[student@workstation DO180-apps]$ ls -l 
total 4
drwxrwxr-x. 2 student student 23 Apr 19 08:16 example
drwxrwxr-x. 2 student student 43 Apr 19 08:16 nodejs-app
drwxrwxr-x. 2 student student 40 Apr 19 08:16 nodejs-helloworld
drwxrwxr-x. 2 student student 23 Apr 19 08:16 php-helloworld
-rw-rw-r--. 1 student student 54 Apr 19 08:16 README.md
drwxrwxr-x. 2 student student 23 Apr 19 08:16 temps
drwxrwxr-x. 5 student student 51 Apr 19 08:16 todoapp
[student@workstation DO180-apps]$ git status
On branch master
Your branch is up to date with 'origin/master'.

nothing to commit, working tree clean
[student@workstation DO180-apps]$ pwd
/home/student/Desktop/DO180-apps
[student@workstation DO180-apps]$ cd ..
[student@workstation Desktop]$ pwd
/home/student/Desktop
[student@workstation Desktop]$ ls
DO180-apps
[student@workstation Desktop]$ mv DO180-apps/ ../
[student@workstation Desktop]$ ls
[student@workstation Desktop]$ cd 
[student@workstation ~]$ pwd
/home/student
[student@workstation ~]$ ls -ltr
total 0
drwxrwxr-x. 3 student student  23 Aug  5  2020 venv
drwxr-xr-x. 2 student student   6 Apr 19 07:38 Templates
drwxr-xr-x. 2 student student   6 Apr 19 07:38 Public
drwxr-xr-x. 2 student student   6 Apr 19 07:38 Pictures
drwxr-xr-x. 2 student student   6 Apr 19 07:38 Music
drwxr-xr-x. 2 student student   6 Apr 19 07:38 Downloads
drwxr-xr-x. 2 student student   6 Apr 19 07:38 Documents
drwxr-xr-x. 2 student student   6 Apr 19 07:38 Videos
drwxrwxr-x. 9 student student 143 Apr 19 08:16 DO180-apps
drwxr-xr-x. 2 student student   6 Apr 19 08:18 Desktop
[student@workstation ~]$ pwd
/home/student
[student@workstation ~]$ cd DO180-apps/
[student@workstation DO180-apps]$ git status
On branch master
Your branch is up to date with 'origin/master'.

nothing to commit, working tree clean
[student@workstation DO180-apps]$ 
[student@workstation DO180-apps]$ 
[student@workstation DO180-apps]$ head README.md 
# DO180-apps
DO180 Repository for Sample Applications
[student@workstation DO180-apps]$ cd
[student@workstation ~]$ 
[student@workstation ~]$ 
[student@workstation ~]$ lab container-create start

Setting up workstation for the Guided Exercise: Creating a MySQL database instance

 · Checking podman configuration...............................  SUCCESS
 · Creating create_table.txt file..............................  SUCCESS
[student@workstation ~]$ ls
Desktop  DO180  DO180-apps  Documents  Downloads  Music  Pictures  Public  Templates  venv  Videos
[student@workstation ~]$ sudo podman run --name mysql-basic -e MYSQL_USER=user1 -e MYSQL_PASSWORD=mypa55 -e MYSQL_DATABASE=items -e MYSQL_ROOT_PASSWORD=r00tpa55 -d rhscl/mysql-57-rhel7:5.7-3.14
Trying to pull registry.access.redhat.com/rhscl/mysql-57-rhel7:5.7-3.14...
Getting image source signatures
Copying blob c5d2e9481169 done
Copying blob e373541ccf6a done
Copying blob b3949aed10eb done
Writing manifest to image destination
Storing signatures
012d3bd5faf3ef83e93662d76dc362ff74b8d90ebfc990ba133ce8de732e9675
[student@workstation ~]$ sudo podman ps --format "{{.ID}} {{.Image}} {{.Names}}"
012d3bd5faf3 registry.access.redhat.com/rhscl/mysql-57-rhel7:5.7-3.14 mysql-basic
[student@workstation ~]$ sudo podman exec -it mysql-basic /bin/bash
bash-4.2$ mysql -uroot
Welcome to the MySQL monitor.  Commands end with ; or \g.
Your MySQL connection id is 2
Server version: 5.7.16 MySQL Community Server (GPL)

Copyright (c) 2000, 2016, Oracle and/or its affiliates. All rights reserved.

Oracle is a registered trademark of Oracle Corporation and/or its
affiliates. Other names may be trademarks of their respective
owners.

Type 'help;' or '\h' for help. Type '\c' to clear the current input statement.

mysql> 
mysql> show databases;
+--------------------+
| Database           |
+--------------------+
| information_schema |
| items              |
| mysql              |
| performance_schema |
| sys                |
+--------------------+
5 rows in set (0.00 sec)

mysql> use items;
Database changed
mysql> CREATE TABLE Projects (id int(11) NOT NULL,
    -> name varchar(255) DEFAULT NULL,
    -> code varchar(255) DEFAULT NULL,
    -> PRIMARY KEY (id));
Query OK, 0 rows affected (0.02 sec)

mysql> 
mysql> show tables;
+-----------------+
| Tables_in_items |
+-----------------+
| Projects        |
+-----------------+
1 row in set (0.00 sec)

mysql> insert into Projects (id, name, code) values (1,'DevOps','DO180');
Query OK, 1 row affected (0.02 sec)

mysql> 
mysql> select * from Projects;
+----+--------+-------+
| id | name   | code  |
+----+--------+-------+
|  1 | DevOps | DO180 |
+----+--------+-------+
1 row in set (0.00 sec)

mysql> exit
Bye
bash-4.2$ exit
exit
[student@workstation ~]$ 



